HI-TECH Software C Compiler 

Linker command line:

--edf=C:\Program Files (x86)\HI-TECH Software\PICC\9.82\dat\en_msgs.txt -cs \
  -h+dist/default/production\FeedBack_SpeedBreak20191107.X.production.sym \
  -z -Q16F886 -ol.obj \
  -Mdist/default/production/FeedBack_SpeedBreak20191107.X.production.map \
  -E1 -ACONST=00h-0FFhx32 -ACODE=00h-07FFhx4 -ASTRCODE=00h-01FFFh \
  -AENTRY=00h-0FFhx32 -ASTRING=00h-0FFhx32 -ABANK0=020h-06Fh \
  -ABANK1=0A0h-0EFh -ABANK2=0110h-016Fh -ABANK3=0190h-01EFh \
  -ARAM=020h-06Fh,0A0h-0EFh,0110h-016Fh,0190h-01EFh \
  -AABS1=020h-07Fh,0A0h-0EFh,0110h-016Fh,0190h-01EFh -ACOMMON=070h-07Fh \
  -ASFR0=00h-01Fh -ASFR1=080h-09Fh -ASFR2=0100h-010Fh -ASFR3=0180h-018Fh \
  -preset_vec=00h,intentry=04h,init,end_init -ppowerup=CODE -pfunctab=CODE \
  -ACONFIG=02007h-02008h -pconfig=CONFIG -DCONFIG=2 -AIDLOC=02000h-02003h \
  -pidloc=IDLOC -DIDLOC=2 -AEEDATA=00h-0FFh/02100h -peeprom_data=EEDATA \
  -DEEDATA=2 -DCODE=2 -DSTRCODE=2 -DSTRING=2 -DCONST=2 -DENTRY=2 -k \
  C:\Users\1\AppData\Local\Temp\sf7g.obj \
  dist/default/production\FeedBack_SpeedBreak20191107.X.production.obj 

Object code version is 3.10

Machine type is 16F886



                Name                               Link     Load   Length Selector   Space Scale
C:\Users\1\AppData\Local\Temp\sf7g.obj
                end_init                             12       12        3        8       0
                reset_vec                             0        0        3        0       0
dist/default/production\FeedBack_SpeedBreak20191107.X.production.obj
                intentry                              4        4        E        8       0
                config                             2007     2007        2     400E       0
                text845                             6C5      6C5       22        8       0
                text844                             6E7      6E7       19        8       0
                text843                             423      423       CF        8       0
                text842                             649      649       2F        8       0
                text841                             788      788        5        8       0
                text840                             716      716       15        8       0
                text839                             700      700       16        8       0
                text838                             751      751       10        8       0
                text837                             76F      76F        A        8       0
                text836                             73F      73F       12        8       0
                text835                             761      761        E        8       0
                text834                             781      781        7        8       0
                text833                             59E      59E       45        8       0
                text832                             5E3      5E3       34        8       0
                text831                             72B      72B       14        8       0
                text830                             54E      54E       50        8       0
                text829                             617      617       32        8       0
                text828                             343      343       E0        8       0
                text827                             678      678       28        8       0
                text826                             4F2      4F2       5C        8       0
                text825                             239      239      10A        8       0
                maintext                             15       15      224        8       0
                cstackBANK0                          45       45        A       20       1
                cstackCOMMON                         70       70        6       70       1
                clrtext                             779      779        8        8       0
                dataBANK0                            4F       4F        3       20       1
                bssBANK0                             20       20       25       20       1
                bssCOMMON                            76       76        5       70       1
                bitbssCOMMON                        3D8       7B        2       70       1     8
                cinit                               6A0      6A0       25        8       0
                idataBANK0                          78D      78D        3        8       0

TOTAL           Name                               Link     Load   Length     Space
        CLASS   CONST          

        CLASS   CODE           
                end_init                             12       12        3         0
                intentry                              4        4        E         0
                reset_vec                             0        0        3         0
                text845                             6C5      6C5       22         0
                text844                             6E7      6E7       19         0
                text843                             423      423       CF         0
                text842                             649      649       2F         0
                text841                             788      788        5         0
                text840                             716      716       15         0
                text839                             700      700       16         0
                text838                             751      751       10         0
                text837                             76F      76F        A         0
                text836                             73F      73F       12         0
                text835                             761      761        E         0
                text834                             781      781        7         0
                text833                             59E      59E       45         0
                text832                             5E3      5E3       34         0
                text831                             72B      72B       14         0
                text830                             54E      54E       50         0
                text829                             617      617       32         0
                text828                             343      343       E0         0
                text827                             678      678       28         0
                text826                             4F2      4F2       5C         0
                text825                             239      239      10A         0
                maintext                             15       15      224         0
                clrtext                             779      779        8         0
                cinit                               6A0      6A0       25         0
                idataBANK0                          78D      78D        3         0

        CLASS   STRCODE        

        CLASS   ENTRY          

        CLASS   STRING         

        CLASS   BANK0          
                cstackBANK0                          45       45        A         1
                dataBANK0                            4F       4F        3         1
                bssBANK0                             20       20       25         1

        CLASS   BANK1          

        CLASS   BANK2          

        CLASS   BANK3          

        CLASS   RAM            

        CLASS   ABS1           
                abs_s1                               7E       7E        2         1

        CLASS   COMMON         
                cstackCOMMON                         70       70        6         1
                bssCOMMON                            76       76        5         1
                bitbssCOMMON                        3D8       7B        2         1

        CLASS   SFR0           

        CLASS   SFR1           

        CLASS   SFR2           

        CLASS   SFR3           

        CLASS   CONFIG         
                config                             2007     2007        2         0

        CLASS   IDLOC          

        CLASS   EEDATA         



SEGMENTS        Name                           Load    Length   Top    Selector   Space  Class     Delta

                reset_vec                      000000  000003  000003         0       0  CODE        2
                intentry                       000004  00078C  000790         8       0  CODE        2
                bssBANK0                       000020  000032  000052        20       1  BANK0       1
                cstackCOMMON                   000070  00000C  00007C        70       1  COMMON      1
                config                         002007  000002  002009      400E       0  CONFIG      2


UNUSED ADDRESS RANGES

        Name                Unused          Largest block    Delta
        BANK0            0052-006F             1E           1
        BANK1            00A0-00EF             50           1
        BANK2            0110-016F             60           1
        BANK3            0190-01EF             60           1
        CODE             0003-0003              1           2
                         0790-1FFF            800
        COMMON           007C-007D              2           1
        CONST            0003-0003              1           2
                         0790-1FFF            100
        EEDATA           2100-21FF            100           2
        ENTRY            0003-0003              1           2
                         0790-1FFF            100
        IDLOC            2000-2003              4           2
        RAM              0052-006F             1E           1
                         00A0-00EF             50
                         0110-016F             60
                         0190-01EF             60
        SFR0             0000-001F             20           1
        SFR1             0080-009F             20           1
        SFR2             0100-010F             10           1
        SFR3             0180-018F             10           1
        STRCODE          0003-0003              1           2
                         0790-1FFF           1870
        STRING           0003-0003              1           2
                         0790-1FFF            100

                                  Symbol Table

??_Delay                        cstackBANK0  0047
??_IIC_init                     cstackBANK0  0045
??_InitCn                       cstackBANK0  0045
??_InitDevices                  cstackBANK0  0045
??_InitTimer0                   cstackBANK0  0045
??_InitTimer1                   cstackBANK0  0045
??_InitTimer2                   cstackBANK0  0045
??_InitialiseADC                cstackBANK0  0045
??_MotorClose                   cstackBANK0  004B
??_Motor_adjusting_speed        cstackBANK0  004B
??_PortInit                     cstackBANK0  0045
??_RBCN_int                     cstackCOMMON 0070
??_ReadADC                      cstackBANK0  0047
??_TMR1_int                     cstackCOMMON 0070
??_TMR2_int                     cstackCOMMON 0070
??_The_Close                    cstackBANK0  004B
??___lwdiv                      cstackBANK0  0049
??_com                          cstackCOMMON 0072
??_delaynms                     cstackBANK0  0047
??_main                         cstackBANK0  004D
??_systemOSC                    cstackBANK0  0045
??_write_IIC                    cstackBANK0  0048
?_Delay                         cstackBANK0  0045
?_IIC_init                      cstackCOMMON 0070
?_InitCn                        cstackCOMMON 0070
?_InitDevices                   cstackCOMMON 0070
?_InitTimer0                    cstackCOMMON 0070
?_InitTimer1                    cstackCOMMON 0070
?_InitTimer2                    cstackCOMMON 0070
?_InitialiseADC                 cstackCOMMON 0070
?_MotorClose                    cstackCOMMON 0070
?_Motor_adjusting_speed         cstackCOMMON 0070
?_PortInit                      cstackCOMMON 0070
?_RBCN_int                      cstackCOMMON 0070
?_ReadADC                       cstackBANK0  0045
?_TMR1_int                      cstackCOMMON 0070
?_TMR2_int                      cstackCOMMON 0070
?_The_Close                     cstackCOMMON 0070
?___lwdiv                       cstackBANK0  0045
?_com                           cstackCOMMON 0070
?_delaynms                      cstackBANK0  0045
?_main                          cstackCOMMON 0070
?_systemOSC                     cstackCOMMON 0070
?_write_IIC                     cstackBANK0  0047
Delay@n                         cstackBANK0  0045
RBCN_int@Sameple                cstackCOMMON 0071
ReadADC@ADC_Channel             cstackBANK0  0049
ReadADC@ADC_VALUE               bssBANK0     0020
TMR1_int@t                      cstackCOMMON 0071
_ADCON0                         (abs)        001F
_ADCON1                         (abs)        009F
_ADC_RESULT_BAT                 bssBANK0     0034
_ADC_Val                        bssBANK0     0022
_ADIE                           (abs)        0466
_ADIF                           (abs)        0066
_ADON                           (abs)        00F8
_ADRESH                         (abs)        001E
_ADRESL                         (abs)        009E
_ANSEL                          (abs)        0188
_ANSELH                         (abs)        0189
_BAT_LED_times                  bssBANK0     0024
_CARRY                          (abs)        0018
_Count_Flag                     bssCOMMON    0076
_Delay                          text831      072B
_EEADR                          (abs)        010D
_EECON1                         (abs)        018C
_EECON2                         (abs)        018D
_EEDATA                         (abs)        010C
_FG_CN_Count                    bssCOMMON    0077
_FG_Period_time                 bssBANK0     0026
_Flag_FG_Period                 dataBANK0    0051
_Flag_FG_Period_time            bssBANK0     0028
_Flag_adjusting_speed           bssBANK0     002A
_Flag_working_time              bssBANK0     002C
_Forbid_input                   bssBANK0     0035
_GIE                            (abs)        005F
_GO                             (abs)        00F9
_GO_DONE                        (abs)        00F9
_IIC_init                       text838      0751
_IOCB                           (abs)        0096
_InitCn                         text834      0781
_InitDevices                    text829      0617
_InitTimer0                     text837      076F
_InitTimer1                     text836      073F
_InitTimer2                     text835      0761
_Initial_Flag                   bssBANK0     0036
_InitialiseADC                  text839      0700
_Key_Run                        bssBANK0     0037
_Key_Run_times                  bssCOMMON    0078
_Key_Up                         bssBANK0     0038
_MotorClose                     text825      0239
_Motor_adjusting_speed          text826      04F2
_Not_two                        bssCOMMON    0079
_OPTION_REG                     (abs)        0081
_OSCCON                         (abs)        008F
_Once                           bssBANK0     0039
_Onekey_Flag                    bssBANK0     003A
_Onekey_Key_Up                  bssBANK0     003B
_Onekey_times                   bssBANK0     003C
_Open_Cover_Flag                bssBANK0     003D
_Open_Cover_times               bssBANK0     002E
_PEIE                           (abs)        005E
_PEN                            (abs)        048A
_PORTA                          (abs)        0005
_PORTAbits                      (abs)        0005
_PORTB                          (abs)        0006
_PORTBbits                      (abs)        0006
_PORTC                          (abs)        0007
_PORTCbits                      (abs)        0007
_PR2                            (abs)        0092
_PortInit                       text840      0716
_RBCN_int                       text845      06C5
_RBIE                           (abs)        005B
_RBIF                           (abs)        0058
_RD                             (abs)        0C60
_REALVOLTAGE_BAT_DC             bssBANK0     0030
_RELAY_AC                       bitbssCOMMON 03D8
_RELAY_BAT                      bitbssCOMMON 03D9
_ReadADC                        text833      059E
_SEN                            (abs)        0488
_SSPADD                         (abs)        0093
_SSPBUF                         (abs)        0013
_SSPCON                         (abs)        0014
_SSPCON2                        (abs)        0091
_SSPIF                          (abs)        0063
_SSPSTAT                        (abs)        0094
_Speed_LED_times                bssBANK0     0032
_Start_Flag                     bssBANK0     003E
_Start_KeyRun_Flag              bssBANK0     003F
_Stop_Flag                      bssBANK0     0040
_T0IE                           (abs)        005D
_T1CON                          (abs)        0010
_T1CONbits                      (abs)        0010
_T2CON                          (abs)        0012
_TMR0                           (abs)        0001
_TMR1                           (abs)        000E
_TMR1CS                         (abs)        0081
_TMR1IE                         (abs)        0460
_TMR1IF                         (abs)        0060
_TMR1ON                         (abs)        0080
_TMR1_int                       text843      0423
_TMR2                           (abs)        0011
_TMR2IE                         (abs)        0461
_TMR2IF                         (abs)        0061
_TMR2ON                         (abs)        0092
_TMR2_int                       text844      06E7
_TRISA                          (abs)        0085
_TRISB                          (abs)        0086
_TRISC                          (abs)        0087
_TRISC3                         (abs)        043B
_TRISC4                         (abs)        043C
_The_Close                      text827      0678
_VOLT                           dataBANK0    004F
_VOLT_H                         bssBANK0     0041
_VOLT_L                         bssBANK0     0042
_WDTCON                         (abs)        0105
_WDTCONbits                     (abs)        0105
_WR                             (abs)        0C61
_WREN                           (abs)        0C62
_Work_Flag                      bssCOMMON    007A
__Habs1                         abs1         0000
__Hbank0                        bank0        0000
__Hbank1                        bank1        0000
__Hbank2                        bank2        0000
__Hbank3                        bank3        0000
__HbitbssCOMMON                 bitbssCOMMON 0000
__HbssBANK0                     bssBANK0     0000
__HbssCOMMON                    bssCOMMON    0000
__Hcinit                        cinit        0000
__Hclrtext                      clrtext      0000
__Hcode                         code         0000
__Hcommon                       common       0000
__Hconfig                       config       2009
__HcstackBANK0                  cstackBANK0  0000
__HcstackCOMMON                 cstackCOMMON 0000
__HdataBANK0                    dataBANK0    0000
__Heeprom_data                  eeprom_data  0000
__Hend_init                     end_init     0015
__Hfunctab                      functab      0000
__HidataBANK0                   idataBANK0   0000
__Hidloc                        idloc        0000
__Hinit                         init         0012
__Hintentry                     intentry     0012
__Hmaintext                     maintext     0000
__Hpowerup                      powerup      0000
__Hram                          ram          0000
__Hreset_vec                    reset_vec    0003
__Hsfr0                         sfr0         0000
__Hsfr1                         sfr1         0000
__Hsfr2                         sfr2         0000
__Hsfr3                         sfr3         0000
__Hstrings                      strings      0000
__Htext                         text         0000
__Labs1                         abs1         0000
__Lbank0                        bank0        0000
__Lbank1                        bank1        0000
__Lbank2                        bank2        0000
__Lbank3                        bank3        0000
__LbitbssCOMMON                 bitbssCOMMON 0000
__LbssBANK0                     bssBANK0     0000
__LbssCOMMON                    bssCOMMON    0000
__Lcinit                        cinit        0000
__Lclrtext                      clrtext      0000
__Lcode                         code         0000
__Lcommon                       common       0000
__Lconfig                       config       2007
__LcstackBANK0                  cstackBANK0  0000
__LcstackCOMMON                 cstackCOMMON 0000
__LdataBANK0                    dataBANK0    0000
__Leeprom_data                  eeprom_data  0000
__Lend_init                     end_init     0012
__Lfunctab                      functab      0000
__LidataBANK0                   idataBANK0   0000
__Lidloc                        idloc        0000
__Linit                         init         0012
__Lintentry                     intentry     0004
__Lmaintext                     maintext     0000
__Lpowerup                      powerup      0000
__Lram                          ram          0000
__Lreset_vec                    reset_vec    0000
__Lsfr0                         sfr0         0000
__Lsfr1                         sfr1         0000
__Lsfr2                         sfr2         0000
__Lsfr3                         sfr3         0000
__Lstrings                      strings      0000
__Ltext                         text         0000
__S0                            (abs)        2009
__S1                            (abs)        007C
__S2                            (abs)        0000
___lwdiv                        text830      054E
___lwdiv@counter                cstackBANK0  004A
___lwdiv@dividend               cstackBANK0  0047
___lwdiv@divisor                cstackBANK0  0045
___lwdiv@quotient               cstackBANK0  004B
__end_of_Delay                  text831      073F
__end_of_IIC_init               text838      0761
__end_of_InitCn                 text834      0788
__end_of_InitDevices            text829      0649
__end_of_InitTimer0             text837      0779
__end_of_InitTimer1             text836      0751
__end_of_InitTimer2             text835      076F
__end_of_InitialiseADC          text839      0716
__end_of_MotorClose             text825      0343
__end_of_Motor_adjusting_speed  text826      054E
__end_of_PortInit               text840      072B
__end_of_RBCN_int               text845      06E7
__end_of_ReadADC                text833      05E3
__end_of_TMR1_int               text843      04F2
__end_of_TMR2_int               text844      0700
__end_of_The_Close              text827      06A0
__end_of___lwdiv                text830      059E
__end_of_com                    text842      0678
__end_of_delaynms               text832      0617
__end_of_main                   maintext     0239
__end_of_systemOSC              text841      078D
__end_of_write_IIC              text828      0423
__pbitbssCOMMON                 bitbssCOMMON 03D8
__pbssBANK0                     bssBANK0     0020
__pbssCOMMON                    bssCOMMON    0076
__pcstackBANK0                  cstackBANK0  0045
__pcstackCOMMON                 cstackCOMMON 0070
__pdataBANK0                    dataBANK0    004F
__pidataBANK0                   idataBANK0   078D
__pintentry                     intentry     0004
__pmaintext                     maintext     0015
__ptext825                      text825      0239
__ptext826                      text826      04F2
__ptext827                      text827      0678
__ptext828                      text828      0343
__ptext829                      text829      0617
__ptext830                      text830      054E
__ptext831                      text831      072B
__ptext832                      text832      05E3
__ptext833                      text833      059E
__ptext834                      text834      0781
__ptext835                      text835      0761
__ptext836                      text836      073F
__ptext837                      text837      076F
__ptext838                      text838      0751
__ptext839                      text839      0700
__ptext840                      text840      0716
__ptext841                      text841      0788
__ptext842                      text842      0649
__ptext843                      text843      0423
__ptext844                      text844      06E7
__ptext845                      text845      06C5
__ptext846                      text846      0000
__size_of_Delay                 (abs)        0000
__size_of_IIC_init              (abs)        0000
__size_of_InitCn                (abs)        0000
__size_of_InitDevices           (abs)        0000
__size_of_InitTimer0            (abs)        0000
__size_of_InitTimer1            (abs)        0000
__size_of_InitTimer2            (abs)        0000
__size_of_InitialiseADC         (abs)        0000
__size_of_MotorClose            (abs)        0000
__size_of_Motor_adjusting_speed (abs)        0000
__size_of_PortInit              (abs)        0000
__size_of_RBCN_int              (abs)        0000
__size_of_ReadADC               (abs)        0000
__size_of_TMR1_int              (abs)        0000
__size_of_TMR2_int              (abs)        0000
__size_of_The_Close             (abs)        0000
__size_of___lwdiv               (abs)        0000
__size_of_com                   (abs)        0000
__size_of_delaynms              (abs)        0000
__size_of_main                  (abs)        0000
__size_of_systemOSC             (abs)        0000
__size_of_write_IIC             (abs)        0000
_adsum                          bssBANK0     0043
_com                            text842      0649
_delaynms                       text832      05E3
_exit                           init         0012
_kai                            bssBANK0     0044
_main                           maintext     0015
_systemOSC                      text841      0788
_write_IIC                      text828      0343
btemp                           (abs)        007E
clear_ram                       clrtext      0779
delaynms@i                      cstackBANK0  0047
delaynms@j                      cstackBANK0  0049
delaynms@n                      cstackBANK0  0045
end_of_initialization           cinit        06C1
interrupt_function              intentry     0004
intlevel0                       functab      0000
intlevel1                       functab      0000
intlevel2                       functab      0000
intlevel3                       functab      0000
intlevel4                       functab      0000
intlevel5                       functab      0000
main@i                          cstackBANK0  004E
reset_vec                       reset_vec    0000
saved_w                         (abs)        007E
start                           init         0012
start_initialization            cinit        06A0
write_IIC@t                     cstackBANK0  0049
write_IIC@wdate_H               cstackBANK0  0048
write_IIC@wdate_L               cstackBANK0  0047
wtemp0                          (abs)        007E
